Microchip MPLAB XC8 Compiler V2.46

Linker command line:

-W-3 \
  --edf=C:\Program Files\Microchip\xc8\v2.46\pic\dat\20240104201356_en.msgs \
  -cn -h+dist/default/production\code.production.sym \
  --cmf=dist/default/production\code.production.cmf -z -Q18F4620 \
  -oC:\Users\ah427\AppData\Local\Temp\xcAs75k.\driver_tmp_3.o \
  --defsym=__MPLAB_BUILD=1 --fixupoverflow=error \
  -Mdist/default/production/code.production.map \
  --md=C:\Users\ah427\AppData\Local\Temp\xcAs75k.\driver_tmp_0.dat -E1 \
  -ver=XC8 Compiler --acfsm=1493 -ACODE=00h-0FFFFh -ACONST=00h-0FFFFh \
  -ASMALLCONST=01000h-010FFhx240 -AMEDIUMCONST=01000h-0FFFFh \
  -ACOMRAM=01h-07Fh -AABS1=00h-0F7Fh -ABIGRAM=01h-0F7Fh \
  -ARAM=080h-0FFh,0100h-01FFhx14,0F00h-0F7Fh -ABANK0=080h-0FFh \
  -ABANK1=0100h-01FFh -ABANK2=0200h-02FFh -ABANK3=0300h-03FFh \
  -ABANK4=0400h-04FFh -ABANK5=0500h-05FFh -ABANK6=0600h-06FFh \
  -ABANK7=0700h-07FFh -ABANK8=0800h-08FFh -ABANK9=0900h-09FFh \
  -ABANK10=0A00h-0AFFh -ABANK11=0B00h-0BFFh -ABANK12=0C00h-0CFFh \
  -ABANK13=0D00h-0DFFh -ABANK14=0E00h-0EFFh -ABANK15=0F00h-0F7Fh \
  -ASFR=0F80h-0FFFh -ABIGSFR=0F80h-0FFFh -ACONFIG=0300000h-030000Dh \
  -AIDLOC=0200000h-0200007h -AEEDATA=0F00000h-0F003FFh -peeprom_data=EEDATA \
  -preset_vec=00h,intcode=8h,intcodelo=18h,powerup,init -pramtop=01000h \
  -psmallconst=SMALLCONST -pmediumconst=MEDIUMCONST -pconst=CONST \
  -AFARRAM=00h-00h \
  -prdata=COMRAM,nvrram=COMRAM,nvbit=COMRAM,rbss=COMRAM,rbit=COMRAM \
  -pfarbss=FARRAM,fardata=FARRAM,nvFARRAM=FARRAM \
  -pintsave_regs=BIGRAM,bigbss=BIGRAM,bigdata=BIGRAM -pbss=RAM \
  -pidata=CODE,irdata=CODE,ibigdata=CODE,ifardata=CODE -prparam=COMRAM \
  C:\Users\ah427\AppData\Local\Temp\xcAs75k.\driver_tmp_9.o \
  dist/default/production\code.production.o 

Object code version is 3.11

Machine type is 18F4620



                Name                               Link     Load   Length Selector   Space Scale
C:\Users\ah427\AppData\Local\Temp\xcAs75k.\driver_tmp_9.o
                config                           300004   300004        2        0       4
                init                                2D6      2D6        4        C       0
                reset_vec                             0        0        4        0       0
dist/default/production\code.production.o
                intcodelo                            18       18      2BE        C       0
                intcode                               8        8        6        4       0
                config                           300004   300004        2        0       4
                temp                                 64       64        1        1       1
                smallconst                         1000     1000        2      800       0
                text70                             23A4     23A4       62      801       0
                text69                             17DA     17DA      124      801       0
                text68                             263A     263A       2E     1249       0
                text67                             295C     295C        A     1249       0
                text66                             2952     2952        A     1249       0
                text65                             2948     2948        A     1249       0
                text64                             2552     2552       30     1249       0
                text63                             2522     2522       30     1249       0
                text62                             24F2     24F2       30     1249       0
                text61                             260C     260C       2E     1249       0
                text60                             293E     293E        A     1249       0
                text59                             2934     2934        A     1249       0
                text58                             292A     292A        A     1249       0
                text57                             2920     2920        A     1249       0
                text56                             2916     2916        A     1249       0
                text55                             290C     290C        A     1249       0
                text54                             2902     2902        A     1249       0
                text53                             28F8     28F8        A     1249       0
                text52                             2094     2094       82      801       0
                text51                             2012     2012       82      801       0
                text50                             1F90     1F90       82      801       0
                text49                             1F0E     1F0E       82      801       0
                intcode_body                       1002     1002      2C6      801       0
                text47                             2342     2342       62      801       0
                text46                             16B6     16B6      124      801       0
                text45                             25DE     25DE       2E     1249       0
                text44                             28D8     28D8       14     1249       0
                text43                             28C4     28C4       14     1249       0
                text42                             28B0     28B0       14     1249       0
                text41                             24C2     24C2       30     1249       0
                text40                             2492     2492       30     1249       0
                text39                             25B0     25B0       2E     1249       0
                text38                             289C     289C       14     1249       0
                text37                             2888     2888       14     1249       0
                text36                             2874     2874       14     1249       0
                text35                             2860     2860       14     1249       0
                text34                             284C     284C       14     1249       0
                text33                             2838     2838       14     1249       0
                text32                             2824     2824       14     1249       0
                text31                             2810     2810       14     1249       0
                text30                             1E8C     1E8C       82      801       0
                text29                             1E0A     1E0A       82      801       0
                text28                             1D88     1D88       82      801       0
                text27                             1D06     1D06       82      801       0
                text25                             2272     2272       6C      801       0
                text24                             2206     2206       6C      801       0
                text23                             1A18     1A18       EA      801       0
                text22                             1B02     1B02       DA      801       0
                text21                             18FE     18FE      11A      801       0
                text20                             27EE     27EE       22     1249       0
                text19                             27CC     27CC       22     1249       0
                text18                             27AA     27AA       22     1249       0
                text17                             1BDC     1BDC       9C      801       0
                text16                             1460     1460      12C      801       0
                text15                             158C     158C      12A      801       0
                text14                             2116     2116       80      801       0
                text13                             2196     2196       70      801       0
                text12                             2764     2764       24     1249       0
                text11                             2740     2740       24     1249       0
                text10                             271C     271C       24     1249       0
                text9                              26F8     26F8       24     1249       0
                text8                              26D4     26D4       24     1249       0
                text7                              26B0     26B0       24     1249       0
                text6                              268C     268C       24     1249       0
                text5                              2668     2668       24     1249       0
                text4                              12C8     12C8      198      801       0
                text3                              22DE     22DE       64      801       0
                text2                              2582     2582       2E     1249       0
                text1                              1C78     1C78       8E      801       0
                text0                              28EC     28EC        C     1249       0
                cstackCOMRAM                         32       32       1C        1       1
                cstackBANK0                          A2       A2       18       80       1
                dataBANK0                            80       80       22       80       1
                dataCOMRAM                            1        1       31        1       1
                bssCOMRAM                            4E       4E       16        1       1
                cinit                              2406     2406       5A      801       0
                idataBANK0                         2788     2788       22     1249       0
                idataCOMRAM                        2460     2460       31      801       0

TOTAL           Name                               Link     Load   Length     Space
        CLASS   CODE           
                intcodelo                            18       18      2BE         0
                intcode                               8        8        6         0
                init                                2D6      2D6        4         0
                reset_vec                             0        0        4         0
                text70                             23A4     23A4       62         0
                text69                             17DA     17DA      124         0
                text68                             263A     263A       2E         0
                text67                             295C     295C        A         0
                text66                             2952     2952        A         0
                text65                             2948     2948        A         0
                text64                             2552     2552       30         0
                text63                             2522     2522       30         0
                text62                             24F2     24F2       30         0
                text61                             260C     260C       2E         0
                text60                             293E     293E        A         0
                text59                             2934     2934        A         0
                text58                             292A     292A        A         0
                text57                             2920     2920        A         0
                text56                             2916     2916        A         0
                text55                             290C     290C        A         0
                text54                             2902     2902        A         0
                text53                             28F8     28F8        A         0
                text52                             2094     2094       82         0
                text51                             2012     2012       82         0
                text50                             1F90     1F90       82         0
                text49                             1F0E     1F0E       82         0
                intcode_body                       1002     1002      2C6         0
                text47                             2342     2342       62         0
                text46                             16B6     16B6      124         0
                text45                             25DE     25DE       2E         0
                text44                             28D8     28D8       14         0
                text43                             28C4     28C4       14         0
                text42                             28B0     28B0       14         0
                text41                             24C2     24C2       30         0
                text40                             2492     2492       30         0
                text39                             25B0     25B0       2E         0
                text38                             289C     289C       14         0
                text37                             2888     2888       14         0
                text36                             2874     2874       14         0
                text35                             2860     2860       14         0
                text34                             284C     284C       14         0
                text33                             2838     2838       14         0
                text32                             2824     2824       14         0
                text31                             2810     2810       14         0
                text30                             1E8C     1E8C       82         0
                text29                             1E0A     1E0A       82         0
                text28                             1D88     1D88       82         0
                text27                             1D06     1D06       82         0
                text25                             2272     2272       6C         0
                text24                             2206     2206       6C         0
                text23                             1A18     1A18       EA         0
                text22                             1B02     1B02       DA         0
                text21                             18FE     18FE      11A         0
                text20                             27EE     27EE       22         0
                text19                             27CC     27CC       22         0
                text18                             27AA     27AA       22         0
                text17                             1BDC     1BDC       9C         0
                text16                             1460     1460      12C         0
                text15                             158C     158C      12A         0
                text14                             2116     2116       80         0
                text13                             2196     2196       70         0
                text12                             2764     2764       24         0
                text11                             2740     2740       24         0
                text10                             271C     271C       24         0
                text9                              26F8     26F8       24         0
                text8                              26D4     26D4       24         0
                text7                              26B0     26B0       24         0
                text6                              268C     268C       24         0
                text5                              2668     2668       24         0
                text4                              12C8     12C8      198         0
                text3                              22DE     22DE       64         0
                text2                              2582     2582       2E         0
                text1                              1C78     1C78       8E         0
                text0                              28EC     28EC        C         0
                cinit                              2406     2406       5A         0
                idataBANK0                         2788     2788       22         0
                idataCOMRAM                        2460     2460       31         0

        CLASS   CONST          

        CLASS   SMALLCONST     
                smallconst                         1000     1000        2         0

        CLASS   MEDIUMCONST    

        CLASS   COMRAM         
                temp                                 64       64        1         1
                cstackCOMRAM                         32       32       1C         1
                dataCOMRAM                            1        1       31         1
                bssCOMRAM                            4E       4E       16         1

        CLASS   ABS1           

        CLASS   BIGRAM         

        CLASS   RAM            

        CLASS   BANK0          
                cstackBANK0                          A2       A2       18         1
                dataBANK0                            80       80       22         1

        CLASS   BANK1          

        CLASS   BANK2          

        CLASS   BANK3          

        CLASS   BANK4          

        CLASS   BANK5          

        CLASS   BANK6          

        CLASS   BANK7          

        CLASS   BANK8          

        CLASS   BANK9          

        CLASS   BANK10         

        CLASS   BANK11         

        CLASS   BANK12         

        CLASS   BANK13         

        CLASS   BANK14         

        CLASS   BANK15         

        CLASS   SFR            

        CLASS   BIGSFR         

        CLASS   CONFIG         
                config                           300004   300004        2         4

        CLASS   IDLOC          

        CLASS   EEDATA         

        CLASS   FARRAM         

        CLASS   HEAP           

        CLASS   STACK          



SEGMENTS        Name                           Load    Length   Top    Selector   Space  Class

                reset_vec                      000000  000004  000004         0       0  CODE    
                dataCOMRAM                     000001  000064  000065         1       1  COMRAM  
                intcode                        000008  000006  00000E         4       0  CODE    
                intcodelo                      000018  0002C2  0002DA         C       0  CODE    
                dataBANK0                      000080  00003A  0000BA        80       1  BANK0   
                smallconst                     001000  000002  001002       800       0  SMALLCON
                intcode_body                   001002  00148F  002491       801       0  CODE    
                text40                         002492  0004D4  002966      1249       0  CODE    


UNUSED ADDRESS RANGES

        Name                Unused          Largest block    Delta
        BANK0            0000BA-0000FF               46
        BANK1            000100-0001FF              100
        BANK10           000A00-000AFF              100
        BANK11           000B00-000BFF              100
        BANK12           000C00-000CFF              100
        BANK13           000D00-000DFF              100
        BANK14           000E00-000EFF              100
        BANK15           000F00-000F7F               80
        BANK2            000200-0002FF              100
        BANK3            000300-0003FF              100
        BANK4            000400-0004FF              100
        BANK5            000500-0005FF              100
        BANK6            000600-0006FF              100
        BANK7            000700-0007FF              100
        BANK8            000800-0008FF              100
        BANK9            000900-0009FF              100
        BIGRAM           000065-00007F               1B
                         0000BA-000F7F              EC6
        BIGSFR           000F80-000FFF               80
        CODE             000004-000007                4
                         00000E-000017                A
                         0002DA-000FFF              D26
                         002491-002491                1
                         002966-00FFFF             D69A
        COMRAM           000065-00007F               1B
        CONFIG           300000-300003                4
                         300006-30000D                8
        CONST            000004-000007                4
                         00000E-000017                A
                         0002DA-000FFF              D26
                         002491-002491                1
                         002966-00FFFF             D69A
        EEDATA           F00000-F003FF              400
        IDLOC            200000-200007                8
        MEDIUMCONST      002491-002491                1
                         002966-00FFFF             D69A
        RAM              0000BA-000F7F              100
        SFR              000F80-000FFF               80
        SMALLCONST       002491-002491                1
                         002966-00FFFF              100

                                  Symbol Table

Ext_INTx_ClearFlag@intx                       cstackBANK0  0000AD
Ext_INTx_Disable@intx                         cstackBANK0  0000AD
Ext_INTx_Enable@intx                          cstackBANK0  0000AD
Ext_INTx_Init@intx                            cstackBANK0  0000B7
Ext_INTx_Init@ret                             cstackBANK0  0000B8
Ext_INTx_Priority@intx                        cstackBANK0  0000AD
Ext_INTx_SetEdge@intx                         cstackBANK0  0000AD
Ext_INTx_setInterruptHandler@intx             cstackBANK0  0000AF
Ext_RBx_Init@rbx                              cstackBANK0  0000B7
Ext_RBx_Init@ret                              cstackBANK0  0000B9
INT0_setInterruptHandler@interruptHandler     cstackBANK0  0000AD
INT1_setInterruptHandler@interruptHandler     cstackBANK0  0000AD
INT2_setInterruptHandler@interruptHandler     cstackBANK0  0000AD
ISR_RB4@RB_source                             cstackCOMRAM 00004D
ISR_RB5@RB_source                             cstackCOMRAM 00004D
ISR_RB6@RB_source                             cstackCOMRAM 00004D
ISR_RB7@RB_source                             cstackCOMRAM 00004D
RB4_High_setInterruptHandler@interruptHandler cstackBANK0  0000AD
RB4_Low_setInterruptHandler@interruptHandler  cstackBANK0  0000AD
RB5_High_setInterruptHandler@interruptHandler cstackBANK0  0000AD
RB5_Low_setInterruptHandler@interruptHandler  cstackBANK0  0000AD
RB6_High_setInterruptHandler@interruptHandler cstackBANK0  0000AD
RB6_Low_setInterruptHandler@interruptHandler  cstackBANK0  0000AD
RB7_High_setInterruptHandler@interruptHandler cstackBANK0  0000AD
RB7_Low_setInterruptHandler@interruptHandler  cstackBANK0  0000AD
_Ext_INTx_ClearFlag                           text25       002272
_Ext_INTx_Disable                             text24       002206
_Ext_INTx_Enable                              text23       001A18
_Ext_INTx_Init                                text13       002196
_Ext_INTx_Priority                            text22       001B02
_Ext_INTx_SetEdge                             text21       0018FE
_Ext_INTx_setInterruptHandler                 text17       001BDC
_Ext_RBx_Init                                 text4        0012C8
_INT0_InterruptHandler                        bssCOMRAM    000062
_INT0_setInterruptHandler                     text20       0027EE
_INT1_InterruptHandler                        bssCOMRAM    000060
_INT1_setInterruptHandler                     text19       0027CC
_INT2_InterruptHandler                        bssCOMRAM    00005E
_INT2_setInterruptHandler                     text18       0027AA
_INTCON2bits                                  (abs)        000FF1
_INTCON3bits                                  (abs)        000FF0
_INTCONbits                                   (abs)        000FF2
_ISR_INT0                                     text64       002552
_ISR_INT1                                     text41       0024C2
_ISR_INT2                                     text40       002492
_ISR_RB4                                      text30       001E8C
_ISR_RB5                                      text29       001E0A
_ISR_RB6                                      text28       001D88
_ISR_RB7                                      text27       001D06
_InterruptManagerHigh                         intcode      000008
_InterruptManagerLow                          intcodelo    000018
_LATA                                         (abs)        000F89
_LATB                                         (abs)        000F8A
_LATC                                         (abs)        000F8B
_LATD                                         (abs)        000F8C
_LATE                                         (abs)        000F8D
_PORTA                                        (abs)        000F80
_PORTB                                        (abs)        000F81
_PORTBbits                                    (abs)        000F81
_PORTC                                        (abs)        000F82
_PORTD                                        (abs)        000F83
_PORTE                                        (abs)        000F84
_RB4_Flag                                     dataCOMRAM   000018
_RB4_HIGH_InterruptHandler                    bssCOMRAM    00005C
_RB4_High_setInterruptHandler                 text12       002764
_RB4_LOW_InterruptHandler                     bssCOMRAM    00005A
_RB4_Low_setInterruptHandler                  text11       002740
_RB5_Flag                                     dataCOMRAM   000017
_RB5_HIGH_InterruptHandler                    bssCOMRAM    000058
_RB5_High_setInterruptHandler                 text10       00271C
_RB5_LOW_InterruptHandler                     bssCOMRAM    000056
_RB5_Low_setInterruptHandler                  text9        0026F8
_RB6_Flag                                     dataCOMRAM   000016
_RB6_HIGH_InterruptHandler                    bssCOMRAM    000054
_RB6_High_setInterruptHandler                 text8        0026D4
_RB6_LOW_InterruptHandler                     bssCOMRAM    000052
_RB6_Low_setInterruptHandler                  text7        0026B0
_RB7_Flag                                     dataCOMRAM   000015
_RB7_HIGH_InterruptHandler                    bssCOMRAM    000050
_RB7_High_setInterruptHandler                 text6        00268C
_RB7_LOW_InterruptHandler                     bssCOMRAM    00004E
_RB7_Low_setInterruptHandler                  text5        002668
_RCONbits                                     (abs)        000FD0
_TRISA                                        (abs)        000F92
_TRISB                                        (abs)        000F93
_TRISC                                        (abs)        000F94
_TRISD                                        (abs)        000F95
_TRISE                                        (abs)        000F96
__HRAM                                        (abs)        000000
__H__absolute__                               __absolute__ 000000
__Habs1                                       abs1         000000
__Hbank0                                      bank0        000000
__Hbank1                                      bank1        000000
__Hbank10                                     bank10       000000
__Hbank11                                     bank11       000000
__Hbank12                                     bank12       000000
__Hbank13                                     bank13       000000
__Hbank14                                     bank14       000000
__Hbank15                                     bank15       000000
__Hbank2                                      bank2        000000
__Hbank3                                      bank3        000000
__Hbank4                                      bank4        000000
__Hbank5                                      bank5        000000
__Hbank6                                      bank6        000000
__Hbank7                                      bank7        000000
__Hbank8                                      bank8        000000
__Hbank9                                      bank9        000000
__Hbigbss                                     bigbss       000000
__Hbigdata                                    bigdata      000000
__Hbigram                                     bigram       000000
__Hbigsfr                                     bigsfr       000000
__Hbss                                        bss          000000
__HbssCOMRAM                                  bssCOMRAM    000000
__Hcinit                                      cinit        000000
__Hclrtext                                    clrtext      000000
__Hcomram                                     comram       000000
__Hconfig                                     config       300006
__Hconst                                      const        000000
__HcstackBANK0                                cstackBANK0  000000
__HcstackCOMRAM                               cstackCOMRAM 000000
__Hdata                                       data         000000
__HdataBANK0                                  dataBANK0    000000
__HdataCOMRAM                                 dataCOMRAM   000000
__Heeprom_data                                eeprom_data  000000
__Hfarbss                                     farbss       000000
__Hfardata                                    fardata      000000
__Hheap                                       heap         000000
__Hibigdata                                   ibigdata     000000
__Hidata                                      idata        000000
__HidataBANK0                                 idataBANK0   000000
__HidataCOMRAM                                idataCOMRAM  000000
__Hidloc                                      idloc        000000
__Hifardata                                   ifardata     000000
__Hinit                                       init         0002DA
__Hintcode                                    intcode      00000E
__Hintcode_body                               intcode_body 000000
__Hintcodelo                                  intcodelo    0002D6
__Hintentry                                   intentry     000000
__Hintret                                     intret       000000
__Hintsave_regs                               intsave_regs 000000
__Hirdata                                     irdata       000000
__Hmediumconst                                mediumconst  000000
__HnvFARRAM                                   nvFARRAM     000000
__Hnvbit                                      nvbit        000000
__Hnvrram                                     nvrram       000000
__Hparam                                      rparam       000000
__Hpowerup                                    powerup      0002D6
__Hram                                        ram          000000
__Hramtop                                     ramtop       001000
__Hrbit                                       rbit         000000
__Hrbss                                       rbss         000000
__Hrdata                                      rdata        000000
__Hreset_vec                                  reset_vec    000004
__Hrparam                                     rparam       000000
__Hsfr                                        sfr          000000
__Hsivt_hi                                    sivt_hi      000000
__Hsivt_lo                                    sivt_lo      000000
__Hsmallconst                                 smallconst   001002
__Hspace_0                                    (abs)        002966
__Hspace_1                                    (abs)        0000BA
__Hspace_2                                    (abs)        000000
__Hspace_4                                    (abs)        60000A
__Hstack                                      stack        000000
__Hstruct                                     struct       000000
__Htemp                                       temp         000065
__Htext                                       text         000000
__Htext0                                      text0        000000
__Htext1                                      text1        000000
__Htext10                                     text10       000000
__Htext11                                     text11       000000
__Htext12                                     text12       000000
__Htext13                                     text13       000000
__Htext14                                     text14       000000
__Htext15                                     text15       000000
__Htext16                                     text16       000000
__Htext17                                     text17       000000
__Htext18                                     text18       000000
__Htext19                                     text19       000000
__Htext2                                      text2        000000
__Htext20                                     text20       000000
__Htext21                                     text21       000000
__Htext22                                     text22       000000
__Htext23                                     text23       000000
__Htext24                                     text24       000000
__Htext25                                     text25       000000
__Htext27                                     text27       000000
__Htext28                                     text28       000000
__Htext29                                     text29       000000
__Htext3                                      text3        000000
__Htext30                                     text30       000000
__Htext31                                     text31       000000
__Htext32                                     text32       000000
__Htext33                                     text33       000000
__Htext34                                     text34       000000
__Htext35                                     text35       000000
__Htext36                                     text36       000000
__Htext37                                     text37       000000
__Htext38                                     text38       000000
__Htext39                                     text39       000000
__Htext4                                      text4        000000
__Htext40                                     text40       000000
__Htext41                                     text41       000000
__Htext42                                     text42       000000
__Htext43                                     text43       000000
__Htext44                                     text44       000000
__Htext45                                     text45       000000
__Htext46                                     text46       000000
__Htext47                                     text47       000000
__Htext49                                     text49       000000
__Htext5                                      text5        000000
__Htext50                                     text50       000000
__Htext51                                     text51       000000
__Htext52                                     text52       000000
__Htext53                                     text53       000000
__Htext54                                     text54       000000
__Htext55                                     text55       000000
__Htext56                                     text56       000000
__Htext57                                     text57       000000
__Htext58                                     text58       000000
__Htext59                                     text59       000000
__Htext6                                      text6        000000
__Htext60                                     text60       000000
__Htext61                                     text61       000000
__Htext62                                     text62       000000
__Htext63                                     text63       000000
__Htext64                                     text64       000000
__Htext65                                     text65       000000
__Htext66                                     text66       000000
__Htext67                                     text67       000000
__Htext68                                     text68       000000
__Htext69                                     text69       000000
__Htext7                                      text7        000000
__Htext70                                     text70       000000
__Htext8                                      text8        000000
__Htext9                                      text9        000000
__LRAM                                        (abs)        000001
__L__absolute__                               __absolute__ 000000
__Labs1                                       abs1         000000
__Lbank0                                      bank0        000000
__Lbank1                                      bank1        000000
__Lbank10                                     bank10       000000
__Lbank11                                     bank11       000000
__Lbank12                                     bank12       000000
__Lbank13                                     bank13       000000
__Lbank14                                     bank14       000000
__Lbank15                                     bank15       000000
__Lbank2                                      bank2        000000
__Lbank3                                      bank3        000000
__Lbank4                                      bank4        000000
__Lbank5                                      bank5        000000
__Lbank6                                      bank6        000000
__Lbank7                                      bank7        000000
__Lbank8                                      bank8        000000
__Lbank9                                      bank9        000000
__Lbigbss                                     bigbss       000000
__Lbigdata                                    bigdata      000000
__Lbigram                                     bigram       000000
__Lbigsfr                                     bigsfr       000000
__Lbss                                        bss          000000
__LbssCOMRAM                                  bssCOMRAM    000000
__Lcinit                                      cinit        000000
__Lclrtext                                    clrtext      000000
__Lcomram                                     comram       000000
__Lconfig                                     config       000000
__Lconst                                      const        000000
__LcstackBANK0                                cstackBANK0  000000
__LcstackCOMRAM                               cstackCOMRAM 000000
__Ldata                                       data         000000
__LdataBANK0                                  dataBANK0    000000
__LdataCOMRAM                                 dataCOMRAM   000000
__Leeprom_data                                eeprom_data  000000
__Lfarbss                                     farbss       000000
__Lfardata                                    fardata      000000
__Lheap                                       heap         000000
__Libigdata                                   ibigdata     000000
__Lidata                                      idata        000000
__LidataBANK0                                 idataBANK0   000000
__LidataCOMRAM                                idataCOMRAM  000000
__Lidloc                                      idloc        000000
__Lifardata                                   ifardata     000000
__Linit                                       init         0002D6
__Lintcode                                    intcode      000008
__Lintcode_body                               intcode_body 000000
__Lintcodelo                                  intcodelo    000018
__Lintentry                                   intentry     000000
__Lintret                                     intret       000000
__Lintsave_regs                               intsave_regs 000000
__Lirdata                                     irdata       000000
__Lmediumconst                                mediumconst  000000
__LnvFARRAM                                   nvFARRAM     000000
__Lnvbit                                      nvbit        000000
__Lnvrram                                     nvrram       000000
__Lparam                                      rparam       000000
__Lpowerup                                    powerup      0002D6
__Lram                                        ram          000000
__Lramtop                                     ramtop       001000
__Lrbit                                       rbit         000000
__Lrbss                                       rbss         000000
__Lrdata                                      rdata        000000
__Lreset_vec                                  reset_vec    000000
__Lrparam                                     rparam       000000
__Lsfr                                        sfr          000000
__Lsivt_hi                                    sivt_hi      000000
__Lsivt_lo                                    sivt_lo      000000
__Lsmallconst                                 smallconst   001000
__Lspace_0                                    (abs)        000000
__Lspace_1                                    (abs)        000000
__Lspace_2                                    (abs)        000000
__Lspace_4                                    (abs)        000000
__Lstack                                      stack        000000
__Lstruct                                     struct       000000
__Ltemp                                       temp         000064
__Ltext                                       text         000000
__Ltext0                                      text0        000000
__Ltext1                                      text1        000000
__Ltext10                                     text10       000000
__Ltext11                                     text11       000000
__Ltext12                                     text12       000000
__Ltext13                                     text13       000000
__Ltext14                                     text14       000000
__Ltext15                                     text15       000000
__Ltext16                                     text16       000000
__Ltext17                                     text17       000000
__Ltext18                                     text18       000000
__Ltext19                                     text19       000000
__Ltext2                                      text2        000000
__Ltext20                                     text20       000000
__Ltext21                                     text21       000000
__Ltext22                                     text22       000000
__Ltext23                                     text23       000000
__Ltext24                                     text24       000000
__Ltext25                                     text25       000000
__Ltext27                                     text27       000000
__Ltext28                                     text28       000000
__Ltext29                                     text29       000000
__Ltext3                                      text3        000000
__Ltext30                                     text30       000000
__Ltext31                                     text31       000000
__Ltext32                                     text32       000000
__Ltext33                                     text33       000000
__Ltext34                                     text34       000000
__Ltext35                                     text35       000000
__Ltext36                                     text36       000000
__Ltext37                                     text37       000000
__Ltext38                                     text38       000000
__Ltext39                                     text39       000000
__Ltext4                                      text4        000000
__Ltext40                                     text40       000000
__Ltext41                                     text41       000000
__Ltext42                                     text42       000000
__Ltext43                                     text43       000000
__Ltext44                                     text44       000000
__Ltext45                                     text45       000000
__Ltext46                                     text46       000000
__Ltext47                                     text47       000000
__Ltext49                                     text49       000000
__Ltext5                                      text5        000000
__Ltext50                                     text50       000000
__Ltext51                                     text51       000000
__Ltext52                                     text52       000000
__Ltext53                                     text53       000000
__Ltext54                                     text54       000000
__Ltext55                                     text55       000000
__Ltext56                                     text56       000000
__Ltext57                                     text57       000000
__Ltext58                                     text58       000000
__Ltext59                                     text59       000000
__Ltext6                                      text6        000000
__Ltext60                                     text60       000000
__Ltext61                                     text61       000000
__Ltext62                                     text62       000000
__Ltext63                                     text63       000000
__Ltext64                                     text64       000000
__Ltext65                                     text65       000000
__Ltext66                                     text66       000000
__Ltext67                                     text67       000000
__Ltext68                                     text68       000000
__Ltext69                                     text69       000000
__Ltext7                                      text7        000000
__Ltext70                                     text70       000000
__Ltext8                                      text8        000000
__Ltext9                                      text9        000000
__S0                                          (abs)        002966
__S1                                          (abs)        0000BA
__S4                                          (abs)        000000
__S5                                          (abs)        000000
___heap_hi                                    (abs)        000000
___heap_lo                                    (abs)        000000
___inthi_sp                                   stack        000000
___inthi_stack_hi                             stack        000000
___inthi_stack_lo                             stack        000000
___intlo_sp                                   stack        000000
___intlo_stack_hi                             stack        000000
___intlo_stack_lo                             stack        000000
___param_bank                                 (abs)        000000
___rparam_used                                (abs)        000001
___sp                                         stack        000000
___stack_hi                                   stack        000000
___stack_lo                                   stack        000000
__accesstop                                   (abs)        000080
__activetblptr                                (abs)        000002
__end_of_Ext_INTx_ClearFlag                   text25       0022DE
__end_of_Ext_INTx_Disable                     text24       002272
__end_of_Ext_INTx_Enable                      text23       001B02
__end_of_Ext_INTx_Init                        text13       002206
__end_of_Ext_INTx_Priority                    text22       001BDC
__end_of_Ext_INTx_SetEdge                     text21       001A18
__end_of_Ext_INTx_setInterruptHandler         text17       001C78
__end_of_Ext_RBx_Init                         text4        001460
__end_of_INT0_setInterruptHandler             text20       002810
__end_of_INT1_setInterruptHandler             text19       0027EE
__end_of_INT2_setInterruptHandler             text18       0027CC
__end_of_ISR_INT0                             text64       002582
__end_of_ISR_INT1                             text41       0024F2
__end_of_ISR_INT2                             text40       0024C2
__end_of_ISR_RB4                              text30       001F0E
__end_of_ISR_RB5                              text29       001E8C
__end_of_ISR_RB6                              text28       001E0A
__end_of_ISR_RB7                              text27       001D88
__end_of_InterruptManagerHigh                 intcode_body 0012C8
__end_of_InterruptManagerLow                  intcodelo    0002D6
__end_of_RB4_High_setInterruptHandler         text12       002788
__end_of_RB4_Low_setInterruptHandler          text11       002764
__end_of_RB5_High_setInterruptHandler         text10       002740
__end_of_RB5_Low_setInterruptHandler          text9        00271C
__end_of_RB6_High_setInterruptHandler         text8        0026F8
__end_of_RB6_Low_setInterruptHandler          text7        0026D4
__end_of_RB7_High_setInterruptHandler         text6        0026B0
__end_of_RB7_Low_setInterruptHandler          text5        00268C
__end_of__initialization                      cinit        002452
__end_of_configure_pin                        text3        002342
__end_of_gpio_pin_direction_initialize        text16       00158C
__end_of_gpio_pin_initialize                  text14       002196
__end_of_gpio_pin_write_logic                 text15       0016B6
__end_of_initialization                       text1        001D06
__end_of_int0_app                             text43       0028D8
__end_of_int1_app                             text42       0028C4
__end_of_int2_app                             text44       0028EC
__end_of_led_initialize                       text2        0025B0
__end_of_led_turn_off                         text39       0025DE
__end_of_led_turn_on                          text45       00260C
__end_of_main                                 text0        0028F8
__end_of_rb1_app_high                         text37       00289C
__end_of_rb1_app_low                          text33       00284C
__end_of_rb2_app_high                         text36       002888
__end_of_rb2_app_low                          text32       002838
__end_of_rb3_app_high                         text35       002874
__end_of_rb3_app_low                          text31       002824
__end_of_rb4_app_high                         text38       0028B0
__end_of_rb4_app_low                          text34       002860
__end_ofi1_configure_pin                      text47       0023A4
__end_ofi1_gpio_pin_write_logic               text46       0017DA
__end_ofi2_ISR_INT1                           text63       002552
__end_ofi2_ISR_INT2                           text62       002522
__end_ofi2_ISR_RB4                            text52       002116
__end_ofi2_ISR_RB5                            text51       002094
__end_ofi2_ISR_RB6                            text50       002012
__end_ofi2_ISR_RB7                            text49       001F90
__end_ofi2_configure_pin                      text70       002406
__end_ofi2_gpio_pin_write_logic               text69       0018FE
__end_ofi2_int0_app                           text66       00295C
__end_ofi2_int1_app                           text65       002952
__end_ofi2_int2_app                           text67       002966
__end_ofi2_led_turn_off                       text61       00263A
__end_ofi2_led_turn_on                        text68       002668
__end_ofi2_rb1_app_high                       text59       00293E
__end_ofi2_rb1_app_low                        text55       002916
__end_ofi2_rb2_app_high                       text58       002934
__end_ofi2_rb2_app_low                        text54       00290C
__end_ofi2_rb3_app_high                       text57       00292A
__end_ofi2_rb3_app_low                        text53       002902
__end_ofi2_rb4_app_high                       text60       002948
__end_ofi2_rb4_app_low                        text56       002920
__initialization                              cinit        002406
__mediumconst                                 mediumconst  000000
__pbssCOMRAM                                  bssCOMRAM    00004E
__pcinit                                      cinit        002406
__pcstackBANK0                                cstackBANK0  0000A2
__pcstackCOMRAM                               cstackCOMRAM 000032
__pdataBANK0                                  dataBANK0    000080
__pdataCOMRAM                                 dataCOMRAM   000001
__pidataBANK0                                 idataBANK0   002788
__pidataCOMRAM                                idataCOMRAM  002460
__pintcode                                    intcode      000008
__pintcode_body                               intcode_body 001002
__pintcodelo                                  intcodelo    000018
__psmallconst                                 smallconst   001000
__ptext0                                      text0        0028EC
__ptext1                                      text1        001C78
__ptext10                                     text10       00271C
__ptext11                                     text11       002740
__ptext12                                     text12       002764
__ptext13                                     text13       002196
__ptext14                                     text14       002116
__ptext15                                     text15       00158C
__ptext16                                     text16       001460
__ptext17                                     text17       001BDC
__ptext18                                     text18       0027AA
__ptext19                                     text19       0027CC
__ptext2                                      text2        002582
__ptext20                                     text20       0027EE
__ptext21                                     text21       0018FE
__ptext22                                     text22       001B02
__ptext23                                     text23       001A18
__ptext24                                     text24       002206
__ptext25                                     text25       002272
__ptext27                                     text27       001D06
__ptext28                                     text28       001D88
__ptext29                                     text29       001E0A
__ptext3                                      text3        0022DE
__ptext30                                     text30       001E8C
__ptext31                                     text31       002810
__ptext32                                     text32       002824
__ptext33                                     text33       002838
__ptext34                                     text34       00284C
__ptext35                                     text35       002860
__ptext36                                     text36       002874
__ptext37                                     text37       002888
__ptext38                                     text38       00289C
__ptext39                                     text39       0025B0
__ptext4                                      text4        0012C8
__ptext40                                     text40       002492
__ptext41                                     text41       0024C2
__ptext42                                     text42       0028B0
__ptext43                                     text43       0028C4
__ptext44                                     text44       0028D8
__ptext45                                     text45       0025DE
__ptext46                                     text46       0016B6
__ptext47                                     text47       002342
__ptext49                                     text49       001F0E
__ptext5                                      text5        002668
__ptext50                                     text50       001F90
__ptext51                                     text51       002012
__ptext52                                     text52       002094
__ptext53                                     text53       0028F8
__ptext54                                     text54       002902
__ptext55                                     text55       00290C
__ptext56                                     text56       002916
__ptext57                                     text57       002920
__ptext58                                     text58       00292A
__ptext59                                     text59       002934
__ptext6                                      text6        00268C
__ptext60                                     text60       00293E
__ptext61                                     text61       00260C
__ptext62                                     text62       0024F2
__ptext63                                     text63       002522
__ptext64                                     text64       002552
__ptext65                                     text65       002948
__ptext66                                     text66       002952
__ptext67                                     text67       00295C
__ptext68                                     text68       00263A
__ptext69                                     text69       0017DA
__ptext7                                      text7        0026B0
__ptext70                                     text70       0023A4
__ptext8                                      text8        0026D4
__ptext9                                      text9        0026F8
__ramtop                                      ramtop       001000
__smallconst                                  smallconst   001000
_configure_pin                                text3        0022DE
_gpio_pin_direction_initialize                text16       001460
_gpio_pin_initialize                          text14       002116
_gpio_pin_write_logic                         text15       00158C
_initialization                               text1        001C78
_int0                                         dataBANK0    00009C
_int0_app                                     text43       0028C4
_int0_app$intlevel1                           text43       0028CE
_int0_led                                     dataCOMRAM   000031
_int0_led1                                    dataCOMRAM   000030
_int0_led2                                    dataCOMRAM   00002F
_int1                                         dataBANK0    000096
_int1_app                                     text42       0028B0
_int1_app$intlevel1                           text42       0028BA
_int2                                         dataBANK0    000090
_int2_app                                     text44       0028D8
_int2_app$intlevel1                           text44       0028E2
_lat_registers                                dataCOMRAM   000001
_led_initialize                               text2        002582
_led_turn_off                                 text39       0025B0
_led_turn_on                                  text45       0025DE
_main                                         text0        0028EC
_port_registers                               dataBANK0    000080
_rb1                                          dataCOMRAM   000025
_rb1_app_high                                 text37       002888
_rb1_app_high$intlevel1                       text37       002892
_rb1_app_low                                  text33       002838
_rb1_app_low$intlevel1                        text33       002842
_rb1_led1                                     dataCOMRAM   00002E
_rb2                                          dataCOMRAM   00001F
_rb2_app_high                                 text36       002874
_rb2_app_high$intlevel1                       text36       00287E
_rb2_app_low                                  text32       002824
_rb2_app_low$intlevel1                        text32       00282E
_rb2_led2                                     dataCOMRAM   00002D
_rb3                                          dataCOMRAM   000019
_rb3_app_high                                 text35       002860
_rb3_app_high$intlevel1                       text35       00286A
_rb3_app_low                                  text31       002810
_rb3_app_low$intlevel1                        text31       00281A
_rb3_led3                                     dataCOMRAM   00002C
_rb4                                          dataBANK0    00008A
_rb4_app_high                                 text38       00289C
_rb4_app_high$intlevel1                       text38       0028A6
_rb4_app_low                                  text34       00284C
_rb4_app_low$intlevel1                        text34       002856
_rb4_led4                                     dataCOMRAM   00002B
_tris_registers                               dataCOMRAM   00000B
btemp                                         temp         000064
configure_pin@_pin_config                     cstackBANK0  0000AD
configure_pin@led                             cstackBANK0  0000AE
end_of_initialization                         cinit        002452
gpio_pin_direction_initialize@_pin_config     cstackBANK0  0000AD
gpio_pin_initialize@_pin_config               cstackBANK0  0000B4
gpio_pin_initialize@ret                       cstackBANK0  0000B6
gpio_pin_write_logic@_pin_config              cstackBANK0  0000AD
gpio_pin_write_logic@logic                    cstackBANK0  0000AE
i1_configure_pin                              text47       002342
i1_gpio_pin_write_logic                       text46       0016B6
i1configure_pin@_pin_config                   cstackCOMRAM 000044
i1configure_pin@led                           cstackCOMRAM 000045
i1gpio_pin_write_logic@_pin_config            cstackCOMRAM 000044
i1gpio_pin_write_logic@logic                  cstackCOMRAM 000045
i2ISR_RB4@RB_source                           cstackCOMRAM 00003B
i2ISR_RB5@RB_source                           cstackCOMRAM 00003B
i2ISR_RB6@RB_source                           cstackCOMRAM 00003B
i2ISR_RB7@RB_source                           cstackCOMRAM 00003B
i2_ISR_INT1                                   text63       002522
i2_ISR_INT2                                   text62       0024F2
i2_ISR_RB4                                    text52       002094
i2_ISR_RB5                                    text51       002012
i2_ISR_RB6                                    text50       001F90
i2_ISR_RB7                                    text49       001F0E
i2_configure_pin                              text70       0023A4
i2_gpio_pin_write_logic                       text69       0017DA
i2_int0_app                                   text66       002952
i2_int1_app                                   text65       002948
i2_int2_app                                   text67       00295C
i2_led_turn_off                               text61       00260C
i2_led_turn_on                                text68       00263A
i2_rb1_app_high                               text59       002934
i2_rb1_app_low                                text55       00290C
i2_rb2_app_high                               text58       00292A
i2_rb2_app_low                                text54       002902
i2_rb3_app_high                               text57       002920
i2_rb3_app_low                                text53       0028F8
i2_rb4_app_high                               text60       00293E
i2_rb4_app_low                                text56       002916
i2configure_pin@_pin_config                   cstackCOMRAM 000032
i2configure_pin@led                           cstackCOMRAM 000033
i2gpio_pin_write_logic@_pin_config            cstackCOMRAM 000032
i2gpio_pin_write_logic@logic                  cstackCOMRAM 000033
i2led_turn_off@_pin_config                    cstackCOMRAM 00003A
i2led_turn_off@led                            cstackCOMRAM 000039
i2led_turn_on@_pin_config                     cstackCOMRAM 00003A
i2led_turn_on@led                             cstackCOMRAM 000039
int$flags                                     temp         000064
int_func                                      intcode_body 001002
intlevel0                                     text         000000
intlevel1                                     text         000000
intlevel2                                     text         000000
intlevel3                                     text         000000
isa$std                                       (abs)        000001
isa$xinst                                     (abs)        000000
led_initialize@_pin_config                    cstackBANK0  0000B8
led_initialize@led                            cstackBANK0  0000B7
led_turn_off@_pin_config                      cstackCOMRAM 00004C
led_turn_off@led                              cstackCOMRAM 00004B
led_turn_on@_pin_config                       cstackCOMRAM 00004C
led_turn_on@led                               cstackCOMRAM 00004B
stackhi                                       (abs)        000000
stacklo                                       (abs)        000000
start                                         init         0002D6
start_initialization                          cinit        002406
ttemp5                                        temp         000065
ttemp6                                        temp         000068
ttemp7                                        temp         00006C
wtemp8                                        temp         000065


MODULE INFORMATION

Module		Function		Class		Link	Load	Size
project.c
		_rb1_app_high  		CODE           	2888	0000	20
		_rb2_app_low   		CODE           	2824	0000	20
		_rb2_app_high  		CODE           	2874	0000	20
		_rb3_app_low   		CODE           	2810	0000	20
		_initialization		CODE           	1C78	0000	142
		_rb3_app_high  		CODE           	2860	0000	20
		_rb4_app_low   		CODE           	284C	0000	20
		_rb4_app_high  		CODE           	289C	0000	20
		_main          		CODE           	28EC	0000	12
		_int0_app      		CODE           	28C4	0000	20
		_int1_app      		CODE           	28B0	0000	20
		_int2_app      		CODE           	28D8	0000	20
		_rb1_app_low   		CODE           	2838	0000	20

project.c estimated size: 374

MCAL/GPIO/hal_gpio.c
		_gpio_pin_write_logic		CODE           	158C	0000	298
		_gpio_pin_direction_initialize		CODE           	1460	0000	300
		_gpio_pin_initialize		CODE           	2116	0000	128

MCAL/GPIO/hal_gpio.c estimated size: 726

ECU/LED/ecu_led.c
		_configure_pin 		CODE           	22DE	0000	100
		_led_initialize		CODE           	2582	0000	46
		_led_turn_on   		CODE           	25DE	0000	46
		_led_turn_off  		CODE           	25B0	0000	46

ECU/LED/ecu_led.c estimated size: 238

shared
		i2_rb1_app_low 		CODE           	290C	0000	10
		i2_rb1_app_high		CODE           	2934	0000	10
		i2_ISR_RB4     		CODE           	2094	0000	130
		i2_ISR_RB5     		CODE           	2012	0000	130
		i2_ISR_RB6     		CODE           	1F90	0000	130
		i2_ISR_RB7     		CODE           	1F0E	0000	130
		i2_rb2_app_low 		CODE           	2902	0000	10
		i2_int2_app    		CODE           	295C	0000	10
		i1_configure_pin		CODE           	2342	0000	98
		i2_rb2_app_high		CODE           	292A	0000	10
		i2_configure_pin		CODE           	23A4	0000	98
		i2_rb3_app_low 		CODE           	28F8	0000	10
		i2_rb3_app_high		CODE           	2920	0000	10
		__initialization		CODE           	2406	0000	76
		i2_int0_app    		CODE           	2952	0000	10
		i2_rb4_app_low 		CODE           	2916	0000	10
		i1_gpio_pin_write_logic		CODE           	16B6	0000	292
		i2_gpio_pin_write_logic		CODE           	17DA	0000	292
		i2_rb4_app_high		CODE           	293E	0000	10
		i2_int1_app    		CODE           	2948	0000	10
		i2_led_turn_on 		CODE           	263A	0000	46
		i2_led_turn_off		CODE           	260C	0000	46
		i2_ISR_INT1    		CODE           	2522	0000	48
		i2_ISR_INT2    		CODE           	24F2	0000	48

shared estimated size: 1674

MCAL/INTERRUPT/external_interrupt.c
		_Ext_INTx_ClearFlag		CODE           	2272	0000	108
		_RB4_Low_setInterruptHandler		CODE           	2740	0000	36
		_RB5_Low_setInterruptHandler		CODE           	26F8	0000	36
		_RB4_High_setInterruptHandler		CODE           	2764	0000	36
		_INT0_setInterruptHandler		CODE           	27EE	0000	34
		_RB6_Low_setInterruptHandler		CODE           	26B0	0000	36
		_RB5_High_setInterruptHandler		CODE           	271C	0000	36
		_RB7_Low_setInterruptHandler		CODE           	2668	0000	36
		_RB6_High_setInterruptHandler		CODE           	26D4	0000	36
		_INT1_setInterruptHandler		CODE           	27CC	0000	34
		_Ext_INTx_Priority		CODE           	1B02	0000	218
		_RB7_High_setInterruptHandler		CODE           	268C	0000	36
		_Ext_INTx_Enable		CODE           	1A18	0000	234
		_ISR_RB6       		CODE           	1D88	0000	130
		_INT2_setInterruptHandler		CODE           	27AA	0000	34
		_ISR_INT0      		CODE           	2552	0000	48
		_ISR_INT1      		CODE           	24C2	0000	48
		_ISR_INT2      		CODE           	2492	0000	48
		_ISR_RB5       		CODE           	1E0A	0000	130
		_Ext_INTx_setInterruptHandler		CODE           	1BDC	0000	156
		_Ext_INTx_SetEdge		CODE           	18FE	0000	282
		_Ext_INTx_Disable		CODE           	2206	0000	108
		_Ext_INTx_Init 		CODE           	2196	0000	112
		_ISR_RB4       		CODE           	1E8C	0000	130
		_ISR_RB7       		CODE           	1D06	0000	130
		_Ext_RBx_Init  		CODE           	12C8	0000	408

MCAL/INTERRUPT/external_interrupt.c estimated size: 2680

MCAL/INTERRUPT/manage_interrupt.c
		_InterruptManagerLow		CODE           	0018	0000	702
		_InterruptManagerHigh		CODE           	0008	0000	716

MCAL/INTERRUPT/manage_interrupt.c estimated size: 1418

